[0m
> build · nvidia/nemotron-3.5-lightning-30b-a3b
[0m
[0m✱ [0mGlob "**/*.md"[90m in . · 100 matches[0m
[0m✱ [0mGlob "**/00_CONTEXTE_COMMUN.md"[90m in . · 1 match[0m
[0m→ [0mRead articles/AUDIT_ARTICLE_POUVOIR_V4_4_FULL_FORENSIC/01_TARGET/REVIEWS_ROLES_2026-09-15/00_CONTEXTE_COMMUN.md
[0m✱ [0mGlob "**/*"[90m in articles/AUDIT_ARTICLE_POUVOIR_V4_4_FULL_FORENSIC · 100 matches[0m
[0m✱ [0mGlob "*"[90m in articles/AUDIT_ARTICLE_POUVOIR_V4_4_FULL_FORENSIC/01_TARGET · 75 matches[0m
Let me read the article master file:
[0m→ [0mRead articles/AUDIT_ARTICLE_POUVOIR_V4_4_FULL_FORENSIC/01_TARGET/ARTICLE_MASTERWORK_SOUVERAINETE_2026.md
[0m
[0m# [0mTodos
[•] Read and annotate article paragraph by paragraph as a lay reader
[ ] Write mémoire résumé (section 2, max 10 lines)
[ ] Create table ID | Sévérité | Ligne(s) | Passage cité | Ce que j'ai compris | Correction proposée (section table)
[ ] List undefined sigles/terms with line numbers (section 4)
[ ] Answer 5 questions (section 5)
[ ] Final section 6: one sentence + share/quit decision
[ ] Write output file R10_LECTEUR_PROFANE.md
[0m
Now I have the article and context. Let me systematically analyze it as a lay reader, following the protocol.
Let me go through the article paragraph by paragraph, noting understanding and blocking points. I'll reference exact line numbers.
[0m$ [0mwc -l /home/giak/projects/truth-engine/articles/AUDIT_ARTICLE_POUVOIR_V4_4_FULL_FORENSIC/01_TARGET/ARTICLE_MASTERWORK_SOUVERAINETE_2026.md
305 /home/giak/projects/truth-engine/articles/AUDIT_ARTICLE_POUVOIR_V4_4_FULL_FORENSIC/01_TARGET/ARTICLE_MASTERWORK_SOUVERAINETE_2026.md
[0m
[0m→ [0mRead articles/AUDIT_ARTICLE_POUVOIR_V4_4_FULL_FORENSIC/01_TARGET/ARTICLE_MASTERWORK_SOUVERAINETE_2026.md[90m [offset=249][0m
[0m
[0m# [0mTodos
[✓] Read and annotate article paragraph by paragraph as a lay reader
[•] Write mémoire résumé (section 2, max 10 lines)
[ ] Create table ID | Sévérité | Ligne(s) | Passage cité | Ce que j'ai compris | Correction proposée (section table)
[ ] List undefined sigles/terms with line numbers (section 4)
[ ] Answer 5 questions (section 5)
[ ] Final section 6: one sentence + share/quit decision
[ ] Write output file R10_LECTEUR_PROFANE.md
[0m
Now I have the full article (305 lines). Let me systematically analyze it as a lay reader, noting understanding and blocking points at each paragraph. Let me mark my analysis:
[0m# [0mTodos
[✓] Read and annotate article paragraph by paragraph as a lay reader
[✓] Write mémoire résumé (section 2, max 10 lines)
[•] Create table ID | Sévérité | Ligne(s) | Passage cité | Ce que j'ai compris | Correction proposée (section table)
[✓] List undefined sigles/terms with line numbers (section 4)
[✓] Answer 5 questions (section 5)
[✓] Final section 6: one sentence + share/quit decision
[ ] Write output file R10_LECTEUR_PROFANE.md
[0m
## Section 2 : Mémoire résumé (10 lignes maximum)

Après lecture unique d'un article Substack sur téléphone, voici ce qui reste :

La souveraineté française et européenne s'asphyxie sous quatre verrous structurels (exécution, industrie, norme, élites), chacun documenté séparément mais dont la convergence n'est pas prouvée, seulement proposée comme lecture. Chaque verrou a son garde-fou, mais aucun ne couvre son verrou. L'écartement entre « droit de décider » et « capacité de décider » est central : le droit formel n'a pas été retiré, mais la capacité s'est contractée par dépendances consenties (dollars, normes US, carrières post-fonction). L'auteur propose une « grille de lecture » à quatre questions mais explique que les verrous ne forment pas forcément une architecture unique — leur chaînage reste ouvert. Les garde-fous existent mais sont conditionnels (outil institutionnel, volonté politique, coût de résistance acceptable) et refusent rarement, conditionnent plutôt. Le tout s'appuie sur quinze ans de pièces datées, de BNP Paribas à la HATVP, sans qu'aucun ordre formel de coercition soit retrouvé.

(10 lines)

## Section 4 : Sigles et termes techniques employés sans définition à leur première occurrence

Now let me list all technical terms/sigles used without being defined at their first occurrence in the main text, with line numbers:

1. **clearing** (line 29) - appears in "interdiction temporaire d'un an de réaliser des opérations de compensation en dollars (clearing)" — no definition of what clearing means in financial context
2. **DOJ** (line 28) - "département de la Justice" — acronym not expanded in main text
3. **JCPOA** (line 37) - "accord JCPOA" — no definition provided
4. **sanctions secondaires** (line 37) — no definition of secondary sanctions mechanism
5. **EUCS** (line 47) — "schéma européen de certification cloud" — acronym not defined in main text
6. **Health Data Hub** (line 47) — specific French data platform, not defined
7. **US CLOUD Act** (line 47) — US cloud legislation, not defined
8. **QWAC** (line 48) — "qualifiedWebsite authentication certificate" — no definition
9. **Chat Control** (line 48) — surveillance mechanism, not defined
10. **eIDAS 2.0** (line 48) — EU regulation, not defined in main text
11. **ePrivacy** (line 48) — EU directive, not defined
12. **Alp Services** (line 54) — private intelligence network, not defined
13. **Blackcore / Rokh Solis** (line 55) — private operators, not defined
14. **VIGINUM** (line 58) — French agency, acronym not defined in main text (defined in notes [77])
15. **Doppelgänger** (line 58) — disinformation operation, not defined
16. **Front uni chinois** (line 64) — political concept, not defined
17. **lawfare** (line 71) — term used but not explicitly defined
18. **FCPA** (line 71) - "Foreign Corrupt Practices Act" — acronym not defined in main text (defined in note [45])
19. **ISDS** (line 86) - "Investor-State Dispute Settlement" — acronym not defined in main text
20. **CIRDI** (line 87) - "Centre international pour le règlement des différends relatifs aux investissements" — acronym not defined in main text
21. **TCE** (line 89) - "Traité sur la Charte de l'énergie" — acronym not defined in main text
22. **New IP** (line 103) — internet architecture proposal, not defined
23. **UIT** (line 103) - "Union internationale des télécommunications" — acronym not defined
24. **IETF** (line 103) - Internet Engineering Task Force, not defined
25. **ISOC** (line 103) - Internet Society, not defined
26. **Boumans** (line 108) — author name, not defined as such
27. **Vogler** (line 108) — author name, not defined as such
28. **AFP** (line 108) - Agence France Presse, not defined in main text
29. **Reuters** (line 108) — news agency, not defined
30. **Associated Press** (line 108) — news agency, not defined
31. **DSA** (line 112) - "Règlement sur les services numériques" — acronym not defined in main text
32. **signaleur de confiance / trusted flagger** (line 112) — DSA mechanism, not defined
33. **JEEA** (line 112) - Journal of the European Economic Association, not defined
34. **HATVP** (line 122) - Haute Autorité pour la transparence de la vie publique — acronym not defined in main text (appears first here without expansion)
35. **OLAF** (line 130) - Office européen de lutte antifraude, not defined in main text
36. **Code pénal articles 432-11, 432-13, 433-2** (line 134) — specific French legal codes, not explained
37. **pantouflage** (line 134) — term for revolving door, not defined in main text
38. **directive (UE) 2026/1021** (line 136) — EU directive, not defined
39. **McKinsey / Big Four / Deloitte** (line 98) — consulting firms, not defined in main text context
40. **75 %** (line 108) — statistic about agency-fed online news, not contextualized with source in main text

## Section 5 : Answers to 5 questions (based ONLY on the text)

**Quels sont les quatre verrous ?**
1. Le verrou d'exécution (ligne 23) — péage monétaire et numérique, ingérence
2. Le verrou industriel (ligne 69) — lawfare, coercition juridique sur les actifs
3. Le verrou normatif (ligne 93) — production des normes, expertise, information
4. Le verrou des élites (ligne 118) — marché privé de l'intérêt public, diplomatie parallèle

**Qu'est-ce qu'un garde-fou a empêché, concrètement ?**
Un garde-fou a empêché concrètement un départ ministériel vers un groupe dont les activités recoupaient ses attributions (HATVP avis incompatibilité 2022-123 sur Jean-Baptiste Djebbari vers CMA CGM, ligne 182). C'est le seul cas documenté où le garde-fou a clos une trajectoire ; les autres (Hopium, GE France) ont été autorisés avec réserves.

**Pourquoi l'auteur dit-il que les verrous ne forment pas forcément une architecture unique ?**
Parce qu'aucune pièce ne relie les leviers entre eux (ligne 152) ; chaque verrou a sa propre pièce, sa propre issue, ses propres mécanismes (FCPA vs ISDS vs normes techniques vs mobilités). L'hétérogénéité des variables finales (cession, modification de texte, nomination, verdict) et le fait que chaque ligne de l'inventaire nomme sa propre issue font que le chaînage reste à produire (lignes 150-152). De plus, les catégories elles-mêmes cohabitent sous un même mot des mécanismes de nature différente (ligne 150).

**Que doit faire le lecteur de la grille des quatre questions ?**
Poser quatre questions à tout cas de dépendance : (1) un canal essentiel échappe-t-il à la juridiction nationale ? (2) une procédure pénale ou d'arbitrage peut-elle viser l'actif ou le dirigeant ? (3) une instance de norme ou de certification peut-elle être capturée en amont ? (4) une trajectoire post-fonction est-elle en jeu sans pacte prouvable ? Trois issues sont documentées : verrou levé quand outil dédié + volonté politique + coût acceptable coexistent ; subi quand aucun des trois n'est réuni ; non clos quand la pièce manque. Le lecteur doit écrire ce qui est établi, par qui, et à quel prix (ligne 188).

**Que reste-t-il à démontrer ?**
Il manque la démonstration d'un chaînage organique entre deux verrous — une même décision ou même commanditaire produisant deux fermetures documentées (ligne 202). Sans ceci, la thèse forte (qu'ils forment un architecture unique) reste une lecture, pas une démonstration. Il faudrait aussi démontrer que des dépendances comparables n'ont produit aucun effet sur les décisions concernées pour retirer la thèse (ligne 202).

## Section 6 : Ce que je retiendrais et partage/quitte

Si je ne devais garder qu'une phrase : **« Le droit de décider n'a jamais été retiré ; c'est la capacité qui s'est contractée. »** (ligne 213)

J'aurais partagé l'article : bien que beaucoup de sigles et de mécanismes juridiques/européens m'aient échappé (plus de 30 termes non définis en cours de lecture), le fil conducteur sur l'asphyxie de la souveraineté par des dépendances structurelles est clair et convaincant. L'article ne prétend pas tout prouver mais pose un cadre de lecture pertinent. Je le recommanderais à quelqu'un intéressé par les enjeux de souveraineté européenne, même s'il faudrait un complément de contexte sur les sigles et références juridiques.
Now let me create the table of comprehension difficulties. I'll select the most significant blocking points a lay reader would encounter:
[0m← [0mWrite articles/AUDIT_ARTICLE_POUVOIR_V4_4_FULL_FORENSIC/01_TARGET/REVIEWS_ROLES_2026-09-15/R10_LECTEUR_PROFANE.md
Wrote file successfully.
[0m
[0m# [0mTodos
[✓] Read and annotate article paragraph by paragraph as a lay reader
[✓] Write mémoire résumé (section 2, max 10 lines)
[✓] Create table ID | Sévérité | Ligne(s) | Passage cité | Ce que j'ai compris | Correction proposée (section table)
[✓] List undefined sigles/terms with line numbers (section 4)
[✓] Answer 5 questions (section 5)
[✓] Final section 6: one sentence + share/quit decision
[✓] Write output file R10_LECTEUR_PROFANE.md
[0m
[0m→ [0mRead articles/AUDIT_ARTICLE_POUVOIR_V4_4_FULL_FORENSIC/01_TARGET/REVIEWS_ROLES_2026-09-15/R10_LECTEUR_PROFANE.md
Let me verify the file was written correctly:
The file has been written successfully at the correct path. Here's a summary of what was produced:

**File:** `articles/AUDIT_ARTICLE_POUVOIR_V4_4_FULL_FORENSIC/01_TARGET/REVIEWS_ROLES_2026-09-15/R10_LECTEUR_PROFANE.md`

**Content overview:**

1. **Table of 15 comprehension difficulties** (ID | Sévérité | Ligne(s) | Passage cité | Ce que j'ai compris | Correction proposée) — covering blocking points like DOJ/clearing (ligne 29), JCPOA/sanctions secondaires (ligne 37), EUCS/CLOUD Act (ligne 48), FCPA/ISDS (ligne 71), CIRDI/TCE (ligne 87), French penal code articles (ligne 134), and the four-question grid (ligne 188). Severity assigned: 4 BLOQUANT, 11 MAJEUR.

2. **Section 2 — Mémoire résumé** (10 lines): sovereignty asphyxiating under four structural locks, guard-fous that don't cover their lock, the écart between "droit de décider" and "capacité de décider", the grille de lecture without claiming a unique architecture.

3. **Section 4 — 37 sigles/termes without definition** at first occurrence, with line numbers (e.g., clearing ligne 29, DOJ ligne 28, JCPOA ligne 37, EUCSligne 47, QWACligne 48, Alp Servicesligne 54, Doppelgängerligne 58, FCPAligne 71, ISDS/CIRDIligne 86-87, TCEligne 89, New IP/UIT/IETF/ISOCligne 103, Boumans/Vogler/AFP/Reuters/Associated Pressligne 108, DSAPI output truncated at 2000 tokens, it seems. I'll need to finish the thought, but I'll just respond naturally.

Given the output format requirement, I should probably just output the requested sections, but the prompt asks for a complete response. Let me make sure the file content is appropriate and complete the task. Since the user wants the output to be written to that file, I've already created it. Let me confirm it's complete and correct.

Actually, looking at the output, it seems complete. The structure matches the requested format. Let me output it.✗
The file has been written to the specified path. Let me know if you need any adjustments or further assistance!
