[0m
> build · nvidia/nemotron-3-ultra-550b-a55b
[0m
[0m✗ [0mRead 00_CONTEXTE_COMMUN.md failed
[91m[1mError: [0mFile not found: /home/giak/projects/truth-engine/00_CONTEXTE_COMMUN.md
[0m✱ [0mGlob "articles/AUDIT_ARTICLE_POUVOIR_V4_4_FULL_FORENSIC/**/*"[90m 100 matches[0m
[0m✱ [0mGlob "articles/AUDIT_ARTICLE_POUVOIR_V4_4_FULL_FORENSIC/01_TARGET/**/*"[90m 76 matches[0m
[0m→ [0mRead articles/AUDIT_ARTICLE_POUVOIR_V4_4_FULL_FORENSIC/01_TARGET/REVIEWS_ROLES_2026-09-15/00_CONTEXTE_COMMUN.md
[0m→ [0mRead articles/AUDIT_ARTICLE_POUVOIR_V4_4_FULL_FORENSIC/01_TARGET/ARTICLE_MASTERWORK_SOUVERAINETE_2026.md
[0m→ [0mRead articles/AUDIT_ARTICLE_POUVOIR_V4_4_FULL_FORENSIC/01_TARGET/ARTICLE_MASTERWORK_SOUVERAINETE_2026.md[90m [offset=248][0m
[0m
[0m# [0mTodos
[•] Analyze Article 432-11 CP assertions (lines 134, 138-139)
[ ] Analyze Article 432-13 CP assertions (lines 134-135, 138)
[ ] Analyze Article 433-2 CP assertions (line 134)
[ ] Analyze Directive (UE) 2026/1021 assertions (lines 136-137)
[ ] Analyze Bank Melli Iran v. Telekom Deutschland (lines 43-44)
[ ] Analyze Alstom/FCPA/IEF mechanism (lines 79-82)
[ ] Analyze IEF regime assertions (lines 180, 184-185)
[ ] Analyze eIDAS 2 Article 45a assertions (line 48)
[ ] Analyze Chat Control / ePrivacy derogation (line 48)
[ ] Analyze DSA Article 22 trusted flagger (line 112)
[ ] Analyze Rockhopper v. Italia / CIRDI (lines 87-89)
[ ] Analyze Front uni chinois / Conseil d'État (line 65)
[ ] Analyze HATVP pantouflage regime & percentages (lines 184-185)
[ ] Write final report to R4_JURISTE.md
[0m
[0m⚙ [0mmnemolite_search_memory {"query":"article 432-11 code pénal pacte corruption antériorité jurisprudence","limit":5}
[0m⚙ [0mmnemolite_search_memory {"limit":5,"query":"article 432-13 code pénal prise illégale intérêts trois ans cessation fonctions surveillance"}
[0m⚙ [0mmnemolite_search_memory {"query":"article 433-2 code pénal trafic influence influence réelle supposée","limit":5}
[0m⚙ [0mmnemolite_read_memory {"id":"a8e886b2-bc54-4533-8625-5146c49b0bd9"}
[0m⚙ [0mmnemolite_read_memory {"id":"b46c5fef-549e-4531-b241-2fae22c206b1"}
[0m⚙ [0mmnemolite_search_memory {"limit":5,"query":"article 433-2 code pénal trafic influence actif sollicitation agrément tiers"}
[0m⚙ [0mmnemolite_search_memory {"limit":5,"query":"directive UE 2026/1021 corruption seuils peines minima transposition"}
[0m⚙ [0mmnemolite_search_memory {"limit":5,"query":"Bank Melli Iran Telekom Deutschland C-124/20 2021 blocage sanctions extraterritoriale proportionnalite"}
[0m⚙ [0mmnemolite_search_memory {"query":"Alstom FCPA IEF autorisation Macron General Electric 2014","limit":5}
[0m⚙ [0mmnemolite_read_memory {"id":"5e8c0f67-0cf2-42db-a51c-b8b99e1073ac"}
[0m⚙ [0mmnemolite_read_memory {"id":"68404e1f-ddb1-48fc-b698-da5c33d81fe4"}
[0m⚙ [0mmnemolite_search_memory {"limit":5,"query":"eIDAS 2 reglement 2024/1183 article 45a certificats qualifies navigateurs"}
[0m⚙ [0mmnemolite_search_memory {"query":"Chat Control reglement 2026/1881 derogation ePrivacy detection volontaire chiffrement bout en bout","limit":5}
[0m⚙ [0mmnemolite_search_memory {"limit":5,"query":"DSA article 22 signaleur confiance trusted flagger designation effets juridiques"}
[0m⚙ [0mmnemolite_search_memory {"query":"Rockhopper Italie CIRDI ARB/17/14 annulation comite ad hoc 2025 TCE sortie UE 2024","limit":5}
[0m⚙ [0mmnemolite_search_memory {"query":"Front uni chinois relais police Conseil Etat station clandestine Fujian atteinte souverainete","limit":5}
[0m⚙ [0mmnemolite_search_memory {"limit":5,"query":"IEF investissements etrangers France code monetaire financier L151-1 reglement 2019/452 2026/1386 veto autorisation conditions"}
[0m⚙ [0mmnemolite_search_memory {"limit":5,"query":"C-124/20 Bank Melli Iran Telekom Deutschland CJUE reglement blocage 2271/96 proportionnel"}
[0m⚙ [0mmnemolite_search_memory {"query":"Rockhopper Exploration Italie CIRDI ARB/17/14 190 millions annulation comite ad hoc 2025","limit":5}
[0m⚙ [0mmnemolite_search_memory {"query":"Conseil Etat decision CETATEXT000054227852 association Fujian station police chinoise clandestine","limit":5}
[0m
[0m# [0mTodos
[✓] Analyze Article 432-11 CP assertions (lines 134, 138-139)
[✓] Analyze Article 432-13 CP assertions (lines 134-135, 138)
[✓] Analyze Article 433-2 CP assertions (line 134)
[✓] Analyze Directive (UE) 2026/1021 assertions (lines 136-137)
[•] Analyze Bank Melli Iran v. Telekom Deutschland (lines 43-44)
[✓] Analyze Alstom/FCPA/IEF mechanism (lines 79-82)
[✓] Analyze IEF regime assertions (lines 180, 184-185)
[•] Analyze eIDAS 2 Article 45a assertions (line 48)
[✓] Analyze Chat Control / ePrivacy derogation (line 48)
[✓] Analyze DSA Article 22 trusted flagger (line 112)
[•] Analyze Rockhopper v. Italia / CIRDI (lines 87-89)
[•] Analyze Front uni chinois / Conseil d'État (line 65)
[✓] Analyze HATVP pantouflage regime & percentages (lines 184-185)
[ ] Write final report to R4_JURISTE.md
[0m
[0m% [0mWebFetch https://eur-lex.europa.eu/legal-content/FR/TXT/?uri=CELEX:62020CJ0124
[0m% [0mWebFetch https://eur-lex.europa.eu/eli/reg/2024/1183/oj
[0m% [0mWebFetch https://curia.europa.eu/juris/document/document.jsf?docid=247814&doclang=FR
[0m% [0mWebFetch https://eur-lex.europa.eu/legal-content/FR/TXT/HTML/?uri=CELEX:32024R1183&from=FR
[0m
[0m# [0mTodos
[✓] Analyze Article 432-11 CP assertions (lines 134, 138-139)
[✓] Analyze Article 432-13 CP assertions (lines 134-135, 138)
[✓] Analyze Article 433-2 CP assertions (line 134)
[✓] Analyze Directive (UE) 2026/1021 assertions (lines 136-137)
[✓] Analyze Bank Melli Iran v. Telekom Deutschland (lines 43-44)
[✓] Analyze Alstom/FCPA/IEF mechanism (lines 79-82)
[✓] Analyze IEF regime assertions (lines 180, 184-185)
[✓] Analyze eIDAS 2 Article 45a assertions (line 48)
[✓] Analyze Chat Control / ePrivacy derogation (line 48)
[✓] Analyze DSA Article 22 trusted flagger (line 112)
[✓] Analyze Rockhopper v. Italia / CIRDI (lines 87-89)
[✓] Analyze Front uni chinois / Conseil d'État (line 65)
[✓] Analyze HATVP pantouflage regime & percentages (lines 184-185)
[•] Write final report to R4_JURISTE.md
[0m
[0m← [0mWrite articles/AUDIT_ARTICLE_POUVOIR_V4_4_FULL_FORENSIC/01_TARGET/REVIEWS_ROLES_2026-09-15/R4_JURISTE.md
Wrote file successfully.
[0m
[0m# [0mTodos
[✓] Analyze Article 432-11 CP assertions (lines 134, 138-139)
[✓] Analyze Article 432-13 CP assertions (lines 134-135, 138)
[✓] Analyze Article 433-2 CP assertions (line 134)
[✓] Analyze Directive (UE) 2026/1021 assertions (lines 136-137)
[✓] Analyze Bank Melli Iran v. Telekom Deutschland (lines 43-44)
[✓] Analyze Alstom/FCPA/IEF mechanism (lines 79-82)
[✓] Analyze IEF regime assertions (lines 180, 184-185)
[✓] Analyze eIDAS 2 Article 45a assertions (line 48)
[✓] Analyze Chat Control / ePrivacy derogation (line 48)
[✓] Analyze DSA Article 22 trusted flagger (line 112)
[✓] Analyze Rockhopper v. Italia / CIRDI (lines 87-89)
[✓] Analyze Front uni chinois / Conseil d'État (line 65)
[✓] Analyze HATVP pantouflage regime & percentages (lines 184-185)
[✓] Write final report to R4_JURISTE.md
[0m
Rapport écrit : `articles/AUDIT_ARTICLE_POUVOIR_V4_4_FULL_FORENSIC/01_TARGET/REVIEWS_ROLES_2026-09-15/R4_JURISTE.md`
Défauts : 1 MAJEUR (DSA art. 22), 2 MINEURS (432-11 confusion branches, Directive 2026/1021 « seuils minimaux »), 4 À VÉRIFIER (Bank Melli, eIDAS 2 art. 45a, Rockhopper/CIRDI, Front uni/CE), 6 exacts (432-13, 433-2, Alstom/FCPA/IEF, IEF, Chat Control, HATVP).
Verdict : Cadre juridique globalement exact ; correction majeure requise sur la qualification des signaleurs de confiance DSA ; 4 points à confirmer sur sources primaires avant publication.
