[0m
> build · nvidia/nemotron-3-super-120b-a12b
[0m
[0m$ [0mfind /home/giak/projects/truth-engine -name "00_CONTEXTE_COMMUN.md" -type f
/home/giak/projects/truth-engine/articles/AUDIT_ARTICLE_POUVOIR_V4_4_FULL_FORENSIC/01_TARGET/REVIEWS_ROLES_2026-09-15/00_CONTEXTE_COMMUN.md
[0m
[0m→ [0mRead articles/AUDIT_ARTICLE_POUVOIR_V4_4_FULL_FORENSIC/01_TARGET/REVIEWS_ROLES_2026-09-15/00_CONTEXTE_COMMUN.md
[0m→ [0mRead articles/AUDIT_ARTICLE_POUVOIR_V4_4_FULL_FORENSIC/01_TARGET/ARTICLE_MASTERWORK_SOUVERAINETE_2026.md
[0m
[0m$ [0mgrep -n -E '\b(peut|pourrait|semble|a pu|sans doute|probablement|ne peut pas|impossible)\b' /home/giak/projects/truth-engine/articles/AUDIT_ARTICLE_POUVOIR_V4_4_FULL_FORENSIC/01_TARGET/ARTICLE_MASTERWORK_SOUVERAINETE_2026.md
25:Le premier verrou porte sur les moyens d’exécution. La souveraineté effective se mesure à l’indépendance de ces moyens. Lorsqu’un État ou une entreprise ne peut réaliser une transaction majeure sans passer par le péage technique, juridique ou monétaire d’une puissance tierce, sa liberté de décision devient une fiction juridique. Le péage n’épuise pas le verrou : un appareil étranger qui agit sur le territoire en dehors des canaux officiels produit le même effet sans qu’aucun péage ne soit à percevoir. Dépendre d’un canal contrôlé hors de la juridiction nationale ou cohabiter avec un appareil qui n’en relève pas n’engage pas le même mécanisme. Ce qui les range dans un même verrou, c’est l’étage neutralisé, celui de l’exécution, sans qu’aucun ordre formel soit donné ; ce sont les deux formes d’un même verrou.
120:Le quatrième verrou porte sur les personnes ; c’est ici que l’asphyxie touche les corps mêmes de l’État. Il peut orienter la docilité des appareils d’État en alignant les trajectoires de carrière individuelles des hauts fonctionnaires et conseillers ministériels sur les intérêts financiers des multinationales ou d’organisations de plaidoyer.
188:**La grille de lecture.** Quatre questions suffisent à tester un cas nouveau. Un canal essentiel, paiement, cloud ou standard, échappe-t-il à la juridiction nationale ? Une procédure pénale ou d’arbitrage peut-elle viser l’actif ou le dirigeant ? Une instance de norme ou de certification peut-elle être capturée en amont ? Une trajectoire post-fonction est-elle en jeu, sans pacte prouvable ? Trois issues sont documentées : le verrou est levé lorsqu’un outil dédié, une volonté politique et un coût jugé acceptable coexistent ; il est subi lorsque aucun des trois n’est réuni ; il reste non clos lorsque la pièce manque. Ces questions ne prédisent rien, et c’est leur intérêt. Elles forcent à écrire ce qui est établi, par qui, et à quel prix.
[0m
[0m$ [0mgrep -n sembler /home/giak/projects/truth-engine/articles/AUDIT_ARTICLE_POUVOIR_V4_4_FULL_FORENSIC/01_TARGET/ARTICLE_MASTERWORK_SOUVERAINETE_2026.md
(no output)
[0m
[0m$ [0mgrep -n "semble" /home/giak/projects/truth-engine/articles/AUDIT_ARTICLE_POUVOIR_V4_4_FULL_FORENSIC/01_TARGET/ARTICLE_MASTERWORK_SOUVERAINETE_2026.md
108:Dans le champ de l’information publique, la souveraineté cognitive est compromise par une concentration massive des flux d’origine. Les études universitaires disponibles portent sur des paysages nationaux, mais elles convergent. Aux Pays-Bas, Boumans et ses coauteurs (2018) établissent que les dépêches d’agence alimentent jusqu’à 75 % de l’actualité en ligne, en grande partie reprises verbatim [29]. En Suisse, Vogler et ses coauteurs (2024) documentent le même rôle structurant du matériel d’agence dans les rédactions [30]. Aucune de ces études ne mesure l’Europe dans son ensemble : l’hypothèse d’une dépendance comparable de la presse en ligne européenne aux dépêches des grandes agences mondiales, dont AFP, Reuters et Associated Press, reste à établir par une mesure dédiée.
148:L’inventaire des investigations instruites écarte l’explication par des défaillances individuelles isolées. Il documente quatre verrous, chacun sur des dossiers distincts : l’exécution (le péage monétaire et numérique, l’ingérence), l’industrie (la coercition juridique sur les actifs), la norme (la production des règles et de l’information), les élites (la porosité des trajectoires). Il documente aussi des garde-fous, un par verrou, dont aucun ne couvre l’ensemble. **Il n’établit pas que ces quatre verrous forment une architecture unique.** C’est la lecture que propose cet article, et l’articulation de ces verrous reste ouverte.
221:- **[1]** Assemblée nationale : Rapport de la commission d’enquête sur les décisions de l’État en matière de politique industrielle, Tome I, n° 897, 19 avril 2018. https://www.assemblee-nationale.fr/dyn/opendata/RAPPANR5L15B0897-tI.html
244:- **[24]** Assemblée nationale : Question écrite n° 33511 sur la décision de refus du rachat de Photonis par Teledyne. https://www.assemblee-nationale.fr/dyn/15/questions/QANR5L15QE33511
273:- **[53]** Assemblée nationale : Procès-verbal de l’audition sous serment de Patrick Kron, Président-Directeur Général d’Alstom, 4 avril 2018. https://www.assemblee-nationale.fr/dyn/docs/CRCANR5L15S2018PO742273N049.raw
274:- **[54]** Assemblée nationale : Rapport d’enquête n° 897 sur les décisions de politique industrielle, auditions et pièces justificatives. https://www.assemblee-nationale.fr/dyn/opendata/RAPPANR5L15B0897-tI.html
276:- **[56]** Assemblée nationale : Question écrite et réponse ministérielle sur les pénalités liées au non-respect du contrat d’engagement de GE à Belfort, 2019. https://www.assemblee-nationale.fr/dyn/15/questions/QANR5L15QE16350
287:- **[67]** Enquête « Front uni chinois » : relais de stations de police identifiés par la DGSI, station clandestine constatée par le Conseil d’État. Assemblée nationale, question écrite n° 1675, « Existence de commissariats clandestins chinois sur le territoire national », 2025 : https://questions.assemblee-nationale.fr/q17/17-1675QE.htm · Conseil d’État, décision sur une station clandestine hébergée par une association du Fujian (Légifrance, CETATEXT000054227852) : https://www.legifrance.gouv.fr/ceta/id/CETATEXT000054227852 · AIVD (Pays-Bas), rapport annuel 2025, chapitre Chine : https://www.aivd.nl/actueel/magazines/jaarverslag/jaarverslag/2025/china
[0m
[0m$ [0mgrep -n "a pu" /home/giak/projects/truth-engine/articles/AUDIT_ARTICLE_POUVOIR_V4_4_FULL_FORENSIC/01_TARGET/ARTICLE_MASTERWORK_SOUVERAINETE_2026.md
105:Cette tentative de verrouillage normatif a été neutralisée par une coalition entre les États-Unis, la Commission européenne et l’Internet Society, qui a publiquement analysé et combattu la proposition [28]. Mais elle a révélé la vulnérabilité des démocraties : si un standard technique parvient à s’imposer dans un organisme de normalisation avant que le politique ne s’en saisisse, la décision souveraine s’en trouve annulée d’avance.
213:Ces verrous tiennent parce que personne n’a entrepris de les abroger. Tant que l’État ne reconstruira pas ses propres circuits de paiement, ses propres infrastructures numériques, ses propres instruments de justice industrielle et une éthique publique blindée, les discours sur la puissance ne seront que les ornements d’une capitulation en toute légalité. **Le droit de décider n’a jamais été retiré ; c’est la capacité qui s’est contractée.**
[0m
[0m$ [0mgrep -n "sans doute" /home/giak/projects/truth-engine/articles/AUDIT_ARTICLE_POUVOIR_V4_4_FULL_FORENSIC/01_TARGET/ARTICLE_MASTERWORK_SOUVERAINETE_2026.md
(no output)
[0m
[0m$ [0mgrep -n "probablement" /home/giak/projects/truth-engine/articles/AUDIT_ARTICLE_POUVOIR_V4_4_FULL_FORENSIC/01_TARGET/ARTICLE_MASTERWORK_SOUVERAINETE_2026.md
(no output)
[0m
[0m$ [0mgrep -n "ne peut pas" /home/giak/projects/truth-engine/articles/AUDIT_ARTICLE_POUVOIR_V4_4_FULL_FORENSIC/01_TARGET/ARTICLE_MASTERWORK_SOUVERAINETE_2026.md
(no output)
[0m
[0m$ [0mgrep -n "impossible" /home/giak/projects/truth-engine/articles/AUDIT_ARTICLE_POUVOIR_V4_4_FULL_FORENSIC/01_TARGET/ARTICLE_MASTERWORK_SOUVERAINETE_2026.md
(no output)
[0m
[0m$ [0mgrep -n "aucune pièce" /home/giak/projects/truth-engine/articles/AUDIT_ARTICLE_POUVOIR_V4_4_FULL_FORENSIC/01_TARGET/ARTICLE_MASTERWORK_SOUVERAINETE_2026.md
48:- **Chat Control et eIDAS 2.0 (QWAC)** : Deux tentatives d’imposer des capacités d’interception ont été portées au niveau européen, et leurs issues sont documentées. Le règlement (UE) 2024/1183 (eIDAS 2) fait obligation aux navigateurs de reconnaître les certificats qualifiés d’authentification de site, tout en encadrant, à son article 45a, les mesures de précaution qu’ils peuvent prendre contre un certificat [69]. La dérogation ePrivacy qui autorise la détection de contenus pédocriminels a été rétablie par le règlement (UE) 2026/1881 jusqu’au 3 avril 2028 ; cette détection y reste *volontaire*, et les communications chiffrées de bout en bout sont *exclues* de son champ [69]. Le règlement permanent, qui prévoyait des ordres de détection, est toujours en négociation, et le blocage porte précisément sur la détection obligatoire. Les capacités existent, elles sont sectorielles, et **aucune pièce ne ferme le pont** entre elles et une architecture intégrée d’identité, de communications et de sanction.
84:Il n’y a pas eu d’ordre militaire étranger ; l’instrumentalisation d’une procédure pénale pour des faits commis à l’étranger a suffi à faire céder un fleuron industriel stratégique. La borne du dossier reste la même que celle de la figure : chaque relation de la chaîne est documentée, du risque pénal à la vente, mais la décision finale est restée une signature française, et aucune pièce n’établit que la contrainte l’a dictée.
204:Ce test a été appliqué aux pièces réunies ici, et il n’a qu’un candidat. Un conseiller Énergie présent au cabinet du ministre de l’Économie pendant l’instruction de l’autorisation IEF du dossier Alstom est devenu, cinq ans plus tard, directeur général de la filiale française de l’acquéreur. Il ne satisfait pas le critère, et l’écart est instructif. Une seule fermeture est documentée, la cession ; la seconde observation est une trajectoire individuelle ; aucune pièce ne montre la même décision produisant les deux. Le chaînage reste donc hors d’atteinte, mais il a été cherché. Tant qu’il manque, la thèse demeure une lecture.
[0m
We have three occurrences of "aucune pièce ne ...". Need to assess whether these are presented as research findings or as facts of the world.

Also need to examine the thesis phrase: "Le droit de décider n'est pas la capacité de décider". Determine if stipulative, empirical, or rhetorical tautology. Check if article provides basis.

We need to identify presuppositions and implicatures for certain phrases: "sous la pression de la justice fédérale", "démembrés", "dépendances consenties", "capitulation en toute légalité", "l'asphyxie touche les corps mêmes de l'État", "une éthique publique blindée".

Also metaphors: "Guillotine du dollar", "péage", "artère vitale", "sur-conformité", "angle mort", "verrou", "asphyxie". Need to assess causal inference.

Lexical fields: "verrou", "fermeture", "fermer", "levé", "subi", "non clos", "garde-fou". Check coherence.

Epistemic bounds: "la pièce porte le risque, pas la mécanique". Check placement.

Collective "on": "on accepte", "on confie", "personne n'a entrepris". Need to see if actors can be named.

Now we need to produce a table of defects with severity (BLOQUANT, MAJEUR, MINEUR). We'll need to judge each.

We'll go through each identified modal statement.

Line 25: "Lorsqu’un État ou une entreprise ne peut réaliser une transaction majeure sans passer par le péage technique, juridique ou monétaire d’une puissance tierce, sa liberté de décision devient une fiction juridique." This is a conditional statement about inability leading to fiction. It's a general claim. The modal "ne peut" expresses inability. Is it supported? The article earlier gives example of BNP Paribas penalty and clearing restriction. It states that the threat of cutoff equated to stop of operations. So the claim seems backed by evidence. The certainty seems appropriate: it's a logical inference from the example. Probably not a defect.

But also phrase "sans qu’aucun péage ne soit à percevoir" is about apparatus acting outside official channels producing same effect without pegage. That's a claim about equivalence; might be speculative but seems reasonable.

Line 120: "Il peut orienter la docilité des appareils d’État en alignant les trajectoires de carrière individuelles des hauts fonctionnaires et conseillers ministériels sur les intérêts financiers des multinationales ou d’organisations de plaidoyer." Here "peut orienter" suggests possibility. The article later provides examples of individuals moving to private sector. It shows that the verrou des élites can orient docility. The use of "peut" is appropriate as it's not guaranteed for all cases. So likely fine.

Line 188: contains "peut-elle viser", "peut-être"? Actually "peut-elle" is a question: "Une procédure pénale ou d’arbitrage peut-elle viser l’actif ou le dirigeant ?" That's a interrogative modal, asking if it can. It's part of the grid of questions; it's appropriate as a question.

Now examine "aucune pièce ne ferme le pont" line 48. This is presented as a fact: "Les capacités existent, elles sont sectorielles, et aucune pièce ne ferme le pont entre elles et une architecture intégrée d’identité, de communications et de sanction." Is this a research finding or a statement of fact? The article says "Le règlement permanent, qui prévoyait des ordres de détection, est toujours en négociation, et le blocage porte précisément sur la détection obligatoire. Les capacités existent, elles sont sectorielles, et aucune pièce ne ferme le pont..." It seems to be a conclusion based on lack of evidence. It's presented as a fact of the world: no piece closes the bridge. This could be a "non établi" presented as fact. Need to check if any piece actually does close the pont? The article says none. So it's a negative claim. According to guidelines, we need to differentiate "non détecté" vs "non établi". The article says "aucune pièce ne ferme le pont" which is a claim of absence. If it's based on search of pieces and none found, it's "non détecté". But they present as fact of world. Might be okay if they clarify it's based on current corpus. However they say "aucune pièce ne ferme le pont" without qualification. Could be a MINEUR if they should say "aucune pièce trouvée ne ferme le pont". We'll assess.

Line 84: "aucune pièce n’établit que la contrainte l’a dictée." This is about Alstom case: they say no piece establishes that the constraint dictated the decision. Again a negative claim based on evidence. Should be qualified as "aucune pièce trouvée" etc.

Line 204: "aucune pièce ne montre la même décision produisant les deux." Similar.

Thus we have several negative claims that may be presented as absolute.

Now thesis phrase line 2? Actually appears in title: "L’État sous asphyxie : le droit de décider n’est pas la capacité de décider". Also repeated line 15: "**Le droit de décider n’est pas la capacité de décider : c’est cet écart que les pièces documentent.**" Need to assess if stipulative, empirical, or rhetorical tautology. The article provides empirical evidence of gap between legal right and actual capacity (through verrous). So it's an empirical thesis, not just stipulative. It is supported by pieces. So likely okay.

Now presuppositions/implicatures:

- "sous la pression de la justice fédérale" line 11: "ses fleurons industriels les plus stratégiques ont été démembrés sous la pression de la justice fédérale et des régulateurs américains." This presupposes that the justice fédérale caused the dismantling. It implies causality. Need to verify if pieces show causation or just correlation. The article mentions BNP Paribas case where pressure led to guilty plea; for TotalEnergies, they abandoned project due to cost of resistance vs asset value, not direct pressure. So the phrase may overstate. This is a potential defect.

- "démembrés" line 11: same.

- "dépendances consenties" line 198: "La souveraineté française et européenne ne s’éteint pas par la coercition directe ; elle s’asphyxie par des dépendances consenties." This presupposes that dependencies are consented (voluntary). The article argues decisions are rational under infrastructure constraints, so consented in sense of voluntary but under pressure. Could be a presupposition that may be questionable.

- "capitulation en toute légalité" line 213: "les discours sur la puissance ne seront que les ornements d’une capitulation en toute légalité." This presupposes that the situation is a capitulation, and that it's legal. It's a metaphor; may be rhetorical.

- "l'asphyxie touche les corps mêmes de l'État" line 120? Actually line 120 is about fourth verrou. The phrase appears in prologue line 3: "Une enquête sur quatre verrous, dans l’exécution, l’industrie, la norme et les élites, qui enserrent la souveraineté française sans tirer un coup de feu." Not exactly. The phrase "l'asphyxie touche les corps mêmes de l'État" appears in the role description? Actually not in article. Let's search.
[0m$ [0mgrep -n "asphyxie touche les corps mêmes de l'État" /home/giak/projects/truth-engine/articles/AUDIT_ARTICLE_POUVOIR_V4_4_FULL_FORENSIC/01_TARGET/ARTICLE_MASTERWORK_SOUVERAINETE_2026.md
(no output)
[0m
[0m$ [0mgrep -n "démembrés" /home/giak/projects/truth-engine/articles/AUDIT_ARTICLE_POUVOIR_V4_4_FULL_FORENSIC/01_TARGET/ARTICLE_MASTERWORK_SOUVERAINETE_2026.md
11:Pourtant, au cours des deux dernières décennies, ses fleurons industriels les plus stratégiques ont été démembrés sous la pression de la justice fédérale et des régulateurs américains. Environ 70 % du marché européen du cloud d’infrastructure est détenu par trois fournisseurs américains [80] ; à ces plateformes sont confiées des données publiques et de santé qui échappent à la juridiction française. Un groupe énergétique français a renoncé à un projet majeur sous la contrainte économique des sanctions de seconde main, et d’anciens conseillers ministériels ont rejoint la direction des multinationales bénéficiaires de ces cessions.
[0m
[0m$ [0mgrep -n "dépendances consenties" /home/giak/projects/truth-engine/articles/AUDIT_ARTICLE_POUVOIR_V4_4_FULL_FORENSIC/01_TARGET/ARTICLE_MASTERWORK_SOUVERAINETE_2026.md
198:L’investigation forensique documente une réalité plus étroite et plus grave. **La souveraineté française et européenne ne s’éteint pas par la coercition directe ; elle s’asphyxie par des dépendances consenties.**
[0m
Search "capitulation en toute légalité".
[0m$ [0mgrep -n "capitulation en toute légalité" /home/giak/projects/truth-engine/articles/AUDIT_ARTICLE_POUVOIR_V4_4_FULL_FORENSIC/01_TARGET/ARTICLE_MASTERWORK_SOUVERAINETE_2026.md
213:Ces verrous tiennent parce que personne n’a entrepris de les abroger. Tant que l’État ne reconstruira pas ses propres circuits de paiement, ses propres infrastructures numériques, ses propres instruments de justice industrielle et une éthique publique blindée, les discours sur la puissance ne seront que les ornements d’une capitulation en toute légalité. **Le droit de décider n’a jamais été retiré ; c’est la capacité qui s’est contractée.**
[0m
Search "l'asphyxie touche les corps mêmes de l'État".
[0m$ [0mgrep -n "asphyxie touche les corps mêmes de l'État" /home/giak/projects/truth-engine/articles/AUDIT_ARTICLE_POUVOIR_V4_4_FULL_FORENSIC/01_TARGET/ARTICLE_MASTERWORK_SOUVERAINETE_2026.md
(no output)
[0m
Maybe the phrase is "l'asphyxie touche les corps mêmes de l'État" not present. Let's search for "asphyxie touche les corps".
[0m$ [0mgrep -n "asphyxie touche" /home/giak/projects/truth-engine/articles/AUDIT_ARTICLE_POUVOIR_V4_4_FULL_FORENSIC/01_TARGET/ARTICLE_MASTERWORK_SOUVERAINETE_2026.md
120:Le quatrième verrou porte sur les personnes ; c’est ici que l’asphyxie touche les corps mêmes de l’État. Il peut orienter la docilité des appareils d’État en alignant les trajectoires de carrière individuelles des hauts fonctionnaires et conseillers ministériels sur les intérêts financiers des multinationales ou d’organisations de plaidoyer.
[0m
Great, line 120 contains that phrase. Good.

Now search "une éthique publique blindée".
[0m$ [0mgrep -n "éthique publique blindée" /home/giak/projects/truth-engine/articles/AUDIT_ARTICLE_POUVOIR_V4_4_FULL_FORENSIC/01_TARGET/ARTICLE_MASTERWORK_SOUVERAINETE_2026.md
213:Ces verrous tiennent parce que personne n’a entrepris de les abroger. Tant que l’État ne reconstruira pas ses propres circuits de paiement, ses propres infrastructures numériques, ses propres instruments de justice industrielle et une éthique publique blindée, les discours sur la puissance ne seront que les ornements d’une capitulation en toute légalité. **Le droit de décider n’a jamais été retiré ; c’est la capacité qui s’est contractée.**
[0m
Now we have all the phrases.

Now we need to evaluate each for presuppositions and implicatures.

We also need to evaluate metaphors for causal inference.

Metaphors list: "Guillotine du dollar", "péage", "artère vitale", "sur-conformité", "angle mort", "verrou", "asphyxie". Also maybe "garde-fou". We'll need to see if they imply causal agency, intention, unique mechanism.

Let's search each metaphor.

"Guillotine du dollar".
[0m$ [0mgrep -n "Guillotine du dollar" /home/giak/projects/truth-engine/articles/AUDIT_ARTICLE_POUVOIR_V4_4_FULL_FORENSIC/01_TARGET/ARTICLE_MASTERWORK_SOUVERAINETE_2026.md
(no output)
[0m
Maybe it's "guillotine du dollar" lowercase. Let's search case-insensitive.
[0m$ [0mgrep -ni "guillotine" /home/giak/projects/truth-engine/articles/AUDIT_ARTICLE_POUVOIR_V4_4_FULL_FORENSIC/01_TARGET/ARTICLE_MASTERWORK_SOUVERAINETE_2026.md
27:### 1. La guillotine du dollar et le péage du clearing
[0m
Found line 27: "### 1. La guillotine du dollar et le péage du clearing". Good.

Now "péage". Search.
[0m$ [0mgrep -ni "péage" /home/giak/projects/truth-engine/articles/AUDIT_ARTICLE_POUVOIR_V4_4_FULL_FORENSIC/01_TARGET/ARTICLE_MASTERWORK_SOUVERAINETE_2026.md
23:## I. Le verrou d’exécution : le péage monétaire et numérique, les officines privées et l’emprise clandestine
25:Le premier verrou porte sur les moyens d’exécution. La souveraineté effective se mesure à l’indépendance de ces moyens. Lorsqu’un État ou une entreprise ne peut réaliser une transaction majeure sans passer par le péage technique, juridique ou monétaire d’une puissance tierce, sa liberté de décision devient une fiction juridique. Le péage n’épuise pas le verrou : un appareil étranger qui agit sur le territoire en dehors des canaux officiels produit le même effet sans qu’aucun péage ne soit à percevoir. Dépendre d’un canal contrôlé hors de la juridiction nationale ou cohabiter avec un appareil qui n’en relève pas n’engage pas le même mécanisme. Ce qui les range dans un même verrou, c’est l’étage neutralisé, celui de l’exécution, sans qu’aucun ordre formel soit donné ; ce sont les deux formes d’un même verrou.
27:### 1. La guillotine du dollar et le péage du clearing
46:Le même mécanisme de péage s’est dupliqué dans le domaine de la donnée publique et de la sécurité des communications :
148:L’inventaire des investigations instruites écarte l’explication par des défaillances individuelles isolées. Il documente quatre verrous, chacun sur des dossiers distincts : l’exécution (le péage monétaire et numérique, l’ingérence), l’industrie (la coercition juridique sur les actifs), la norme (la production des règles et de l’information), les élites (la porosité des trajectoires). Il documente aussi des garde-fous, un par verrou, dont aucun ne couvre l’ensemble. **Il n’établit pas que ces quatre verrous forment une architecture unique.** C’est la lecture que propose cet article, et l’articulation de ces verrous reste ouverte.
156:- **Péage monétaire et clearing** : amende de 8,97 Md$ prononcée contre BNP Paribas en 2014 (pièce : DOJ, 30 juin 2014).
[0m
Now "artère vitale". Search.
[0m$ [0mgrep -ni "artère vitale" /home/giak/projects/truth-engine/articles/AUDIT_ARTICLE_POUVOIR_V4_4_FULL_FORENSIC/01_TARGET/ARTICLE_MASTERWORK_SOUVERAINETE_2026.md
34:Pour la première banque de la zone euro, la menace d’une coupure d’accès au système de compensation en dollars équivalait à l’arrêt de fait de ses opérations. BNP Paribas n’a pas été convaincue par la légitimité des sanctions américaines ; elle a cédé pour conserver son artère vitale [10] [75].
[0m
Now "sur-conformité". Search.
[0m$ [0mgrep -ni "sur-conformité" /home/giak/projects/truth-engine/articles/AUDIT_ARTICLE_POUVOIR_V4_4_FULL_FORENSIC/01_TARGET/ARTICLE_MASTERWORK_SOUVERAINETE_2026.md
36:### 2. La sur-conformité passive (*over-compliance*)
39:![Figure 2 : Le mécanisme de la sur-conformité : des sanctions secondaires au retrait préventif, avec un recours européen qui n’offre pas d’immunité.](figures/png/fig08_sur_conformite.png)
157:- **Sur-conformité préventive** : retrait de TotalEnergies du projet South Pars 11 en 2018 ; arrêt *Bank Melli Iran c. Telekom Deutschland* (pièces : TotalEnergies, 16 mai 2018 ; CJUE, 21 décembre 2021).
[0m
Now "angle mort". Search.
[0m$ [0mgrep -ni "angle mort" /home/giak/projects/truth-engine/articles/AUDIT_ARTICLE_POUVOIR_V4_4_FULL_FORENSIC/01_TARGET/ARTICLE_MASTERWORK_SOUVERAINETE_2026.md
140:Ces exigences probatoires se heurtent à la nature diffuse des mobilités institutionnelles. Le rapport d’activité 2024 de la HATVP documente l’accoutumance d’un conseiller ministériel aux arguments d’un acteur industriel, entretenue par la perspective d’une carrière post-gouvernementale [40]. La lecture qui en fait une mécanique d’orientation des arbitrages sans pacte formel est celle de cet article. La pièce porte le risque de conflit d’intérêts, pas la mécanique. Le résultat est un angle mort juridique : le droit pénal français est outillé pour sanctionner l’échange explicite de faveurs, mais structurellement désarmé face à la capture cognitive progressive des décideurs publics.
142:![Figure 5 : L’angle mort du droit pénal : ce que les pièces documentent face à ce que le pénal exige ; le vide central est l’écart lui-même.](figures/png/fig11_angle_mort.png)
[0m
Now "verrou". Search.
[0m$ [0mgrep -ni "verrou" /home/giak/projects/truth-engine/articles/AUDIT_ARTICLE_POUVOIR_V4_4_FULL_FORENSIC/01_TARGET/ARTICLE_MASTERWORK_SOUVERAINETE_2026.md
3:*Puissance nucléaire, siège permanent au Conseil de sécurité. 70 % du cloud européen d’infrastructure détenu par trois acteurs américains. Des fleurons industriels cédés sous amende. Une enquête sur quatre verrous, dans l’exécution, l’industrie, la norme et les élites, qui enserrent la souveraineté française sans tirer un coup de feu. Chaque verrou a son garde-fou ; aucun ne couvre son verrou, et leur articulation reste à établir.*
15:L’analyse des pièces, des procédures pénales et des délibérations administratives appelle à une lecture plus froide. **La souveraineté française et européenne ne s’effondre pas sous le coup d’ordres secrets : elle s’asphyxie sous quatre verrous structurels.** Ces verrous sont documentés séparément ; leur convergence reste une lecture que ce texte propose et argumente. Un verrou, au sens de cette enquête, est un mécanisme documenté qui réduit la marge de décision d’une autorité publique sans qu’aucun ordre formel ait été donné. Chaque verrou neutralise une capacité de décision sans jamais exiger d’acte de trahison ni d’instruction écrite explicite. **Le droit de décider n’est pas la capacité de décider : c’est cet écart que les pièces documentent.**
23:## I. Le verrou d’exécution : le péage monétaire et numérique, les officines privées et l’emprise clandestine
25:Le premier verrou porte sur les moyens d’exécution. La souveraineté effective se mesure à l’indépendance de ces moyens. Lorsqu’un État ou une entreprise ne peut réaliser une transaction majeure sans passer par le péage technique, juridique ou monétaire d’une puissance tierce, sa liberté de décision devient une fiction juridique. Le péage n’épuise pas le verrou : un appareil étranger qui agit sur le territoire en dehors des canaux officiels produit le même effet sans qu’aucun péage ne soit à percevoir. Dépendre d’un canal contrôlé hors de la juridiction nationale ou cohabiter avec un appareil qui n’en relève pas n’engage pas le même mécanisme. Ce qui les range dans un même verrou, c’est l’étage neutralisé, celui de l’exécution, sans qu’aucun ordre formel soit donné ; ce sont les deux formes d’un même verrou.
50:L’enquête publiée **[Le Numérique colonisé](https://giak.substack.com/p/le-numerique-colonise-70-des-donnees)** traite en détail de ce verrou appliqué à la France, du Health Data Hub à l’article 45 d’eIDAS 2.
58:Le premier verrou ne se limite pas aux sphères financière et commerciale. L’opération « Doppelgänger », documentée à partir de 2022, a consisté à créer un réseau de sites typosquattés imitant les pages web de médias européens de référence pour diffuser des contenus pro-Kremlin déguisés en articles journalistiques. Sa déclinaison française, la campagne RRN, a été analysée par VIGINUM (service de vigilance et de protection contre les ingérences numériques étrangères, rattaché au SGDSN) dans un rapport rendu public le 19 juillet 2023 [77].
60:L’opération illustre un verrou d’infrastructure informationnelle : la capacité d’un État tiers à injecter massivement de faux contenus dans l’écosystème numérique européen en exploitant les failles de modération des plateformes. Le rapport d’activité VIGINUM 2024 compte **259 phénomènes inauthentiques détectés** dans l’année, dont **174 liés à une ingérence numérique étrangère**, ainsi que **25 manœuvres informationnelles** visant les scrutins français, quatorze pour les européennes et onze pour les législatives [3].
69:## II. Le verrou industriel : le lawfare, ou la coercition juridique sur les actifs
71:Le deuxième verrou porte sur les actifs industriels souverains : il combine l’usage d’outils répressifs extraterritoriaux (tels que le *Foreign Corrupt Practices Act* américain) et des procédures d’arbitrage privé (ISDS) qui les exposent à une contrainte juridique étrangère.
93:## III. Le verrou normatif : la norme technique, l’expertise et la vérité sous ordonnance
95:Le troisième verrou porte sur la production des normes : il opère en amont de la décision publique, en façonnant les règles techniques de l’économie numérique, la sous-traitance de l’expertise de l’État aux cabinets de conseil et l’encadrement des flux d’information.
105:Cette tentative de verrouillage normatif a été neutralisée par une coalition entre les États-Unis, la Commission européenne et l’Internet Society, qui a publiquement analysé et combattu la proposition [28]. Mais elle a révélé la vulnérabilité des démocraties : si un standard technique parvient à s’imposer dans un organisme de normalisation avant que le politique ne s’en saisisse, la décision souveraine s’en trouve annulée d’avance.
118:## IV. Le verrou des élites : le marché privé de l’intérêt public et la diplomatie parallèle
120:Le quatrième verrou porte sur les personnes ; c’est ici que l’asphyxie touche les corps mêmes de l’État. Il peut orienter la docilité des appareils d’État en alignant les trajectoires de carrière individuelles des hauts fonctionnaires et conseillers ministériels sur les intérêts financiers des multinationales ou d’organisations de plaidoyer.
146:## V. Synthèse forensique : la matrice des quatre verrous documentés
148:L’inventaire des investigations instruites écarte l’explication par des défaillances individuelles isolées. Il documente quatre verrous, chacun sur des dossiers distincts : l’exécution (le péage monétaire et numérique, l’ingérence), l’industrie (la coercition juridique sur les actifs), la norme (la production des règles et de l’information), les élites (la porosité des trajectoires). Il documente aussi des garde-fous, un par verrou, dont aucun ne couvre l’ensemble. **Il n’établit pas que ces quatre verrous forment une architecture unique.** C’est la lecture que propose cet article, et l’articulation de ces verrous reste ouverte.
154:**Verrou I. Exécution et ingérence** :
163:**Verrou II. Industrie et coercition juridique** :
168:**Verrou III. Norme, expertise et information** :
175:**Verrou IV. Élites et mobilités** :
180:L’analyse fait apparaître un motif récurrent. **Chaque verrou a son garde-fou documenté ; aucun ne couvre son verrou.** Chacun a fermé un dossier ; aucun n’a modifié la condition structurelle. Sur les verrous d’exécution et de coercition, le veto IEF a empêché en 2020 le groupe américain Teledyne de racheter Photonis, fabricant d’optronique militaire stratégique [24], et la Lituanie a tenu face à la coercition économique chinoise [16] [17]. Côté informationnel, VIGINUM a détecté et contribué à neutraliser l’opération Doppelgänger [77], et la coalition IETF/ISOC a bloqué le standard New IP chinois [28]. Sur le volet normatif, la sortie collective du TCE [50] montre un blocage par retrait du traité, non un verrou levé de l’intérieur.
182:Sur le verrou des élites, le garde-fou existe et il a fonctionné une fois : l’avis d’incompatibilité rendu par la HATVP en mai 2022 a fermé la trajectoire du départ vers l’armateur. Il n’a pas saisi la présidence d’Hopium, autorisée le même jour, ni la mobilité d’un conseiller Énergie vers la direction de l’acquéreur. Il porte sur les projets déclarés, pas sur les trajectoires qui ne se déclarent pas.
188:**La grille de lecture.** Quatre questions suffisent à tester un cas nouveau. Un canal essentiel, paiement, cloud ou standard, échappe-t-il à la juridiction nationale ? Une procédure pénale ou d’arbitrage peut-elle viser l’actif ou le dirigeant ? Une instance de norme ou de certification peut-elle être capturée en amont ? Une trajectoire post-fonction est-elle en jeu, sans pacte prouvable ? Trois issues sont documentées : le verrou est levé lorsqu’un outil dédié, une volonté politique et un coût jugé acceptable coexistent ; il est subi lorsque aucun des trois n’est réuni ; il reste non clos lorsque la pièce manque. Ces questions ne prédisent rien, et c’est leur intérêt. Elles forcent à écrire ce qui est établi, par qui, et à quel prix.
202:Confondre cette dynamique avec un « complot » serait aussi erroné que de la nier sous prétexte qu’aucune preuve formelle n’existe. De la même manière, documenter quatre verrous n’équivaut pas à établir qu’ils n’en forment qu’un : la convergence est la lecture que propose cet article, et leur chaînage reste ouvert. Deux observations feraient évoluer cette lecture, dans un sens ou dans l’autre. Une pièce attestant un chaînage organique entre deux verrous, une même décision ou un même commanditaire produisant deux fermetures documentées, fermerait la thèse forte ; à l’inverse, la démonstration que des dépendances comparables n’ont produit aucun effet sur les décisions concernées la retirerait.
213:Ces verrous tiennent parce que personne n’a entrepris de les abroger. Tant que l’État ne reconstruira pas ses propres circuits de paiement, ses propres infrastructures numériques, ses propres instruments de justice industrielle et une éthique publique blindée, les discours sur la puissance ne seront que les ornements d’une capitulation en toute légalité. **Le droit de décider n’a jamais été retiré ; c’est la capacité qui s’est contractée.**
[0m
Now "asphyxie". Search.
[0m$ [0mgrep -ni "asphyxie" /home/giak/projects/truth-engine/articles/AUDIT_ARTICLE_POUVOIR_V4_4_FULL_FORENSIC/01_TARGET/ARTICLE_MASTERWORK_SOUVERAINETE_2026.md
1:# 🩸 L’État sous asphyxie : le droit de décider n’est pas la capacité de décider
15:L’analyse des pièces, des procédures pénales et des délibérations administratives appelle à une lecture plus froide. **La souveraineté française et européenne ne s’effondre pas sous le coup d’ordres secrets : elle s’asphyxie sous quatre verrous structurels.** Ces verrous sont documentés séparément ; leur convergence reste une lecture que ce texte propose et argumente. Un verrou, au sens de cette enquête, est un mécanisme documenté qui réduit la marge de décision d’une autorité publique sans qu’aucun ordre formel ait été donné. Chaque verrou neutralise une capacité de décision sans jamais exiger d’acte de trahison ni d’instruction écrite explicite. **Le droit de décider n’est pas la capacité de décider : c’est cet écart que les pièces documentent.**
120:Le quatrième verrou porte sur les personnes ; c’est ici que l’asphyxie touche les corps mêmes de l’État. Il peut orienter la docilité des appareils d’État en alignant les trajectoires de carrière individuelles des hauts fonctionnaires et conseillers ministériels sur les intérêts financiers des multinationales ou d’organisations de plaidoyer.
198:L’investigation forensique documente une réalité plus étroite et plus grave. **La souveraineté française et européenne ne s’éteint pas par la coercition directe ; elle s’asphyxie par des dépendances consenties.**
[0m
Now "garde-fou". Search.
[0m$ [0mgrep -ni "garde.fou" /home/giak/projects/truth-engine/articles/AUDIT_ARTICLE_POUVOIR_V4_4_FULL_FORENSIC/01_TARGET/ARTICLE_MASTERWORK_SOUVERAINETE_2026.md
3:*Puissance nucléaire, siège permanent au Conseil de sécurité. 70 % du cloud européen d’infrastructure détenu par trois acteurs américains. Des fleurons industriels cédés sous amende. Une enquête sur quatre verrous, dans l’exécution, l’industrie, la norme et les élites, qui enserrent la souveraineté française sans tirer un coup de feu. Chaque verrou a son garde-fou ; aucun ne couvre son verrou, et leur articulation reste à établir.*
148:L’inventaire des investigations instruites écarte l’explication par des défaillances individuelles isolées. Il documente quatre verrous, chacun sur des dossiers distincts : l’exécution (le péage monétaire et numérique, l’ingérence), l’industrie (la coercition juridique sur les actifs), la norme (la production des règles et de l’information), les élites (la porosité des trajectoires). Il documente aussi des garde-fous, un par verrou, dont aucun ne couvre l’ensemble. **Il n’établit pas que ces quatre verrous forment une architecture unique.** C’est la lecture que propose cet article, et l’articulation de ces verrous reste ouverte.
180:L’analyse fait apparaître un motif récurrent. **Chaque verrou a son garde-fou documenté ; aucun ne couvre son verrou.** Chacun a fermé un dossier ; aucun n’a modifié la condition structurelle. Sur les verrous d’exécution et de coercition, le veto IEF a empêché en 2020 le groupe américain Teledyne de racheter Photonis, fabricant d’optronique militaire stratégique [24], et la Lituanie a tenu face à la coercition économique chinoise [16] [17]. Côté informationnel, VIGINUM a détecté et contribué à neutraliser l’opération Doppelgänger [77], et la coalition IETF/ISOC a bloqué le standard New IP chinois [28]. Sur le volet normatif, la sortie collective du TCE [50] montre un blocage par retrait du traité, non un verrou levé de l’intérieur.
182:Sur le verrou des élites, le garde-fou existe et il a fonctionné une fois : l’avis d’incompatibilité rendu par la HATVP en mai 2022 a fermé la trajectoire du départ vers l’armateur. Il n’a pas saisi la présidence d’Hopium, autorisée le même jour, ni la mobilité d’un conseiller Énergie vers la direction de l’acquéreur. Il porte sur les projets déclarés, pas sur les trajectoires qui ne se déclarent pas.
184:Les deux garde-fous internes de l’État, celui des investissements étrangers et celui des mobilités, fonctionnent de la même manière, et les chiffres publics le disent. En 2024, le ministre a rendu 337 décisions au titre du contrôle des investissements étrangers, dont 182 sur des opérations entrant dans le champ du contrôle ; 54 % des autorisations ont été assorties de conditions, et six refus seulement ont été prononcés en trois ans [23]. Sur les mobilités, 751 projets ont été soumis pour avis en 2024 ; en 2023, les avis d’incompatibilité représentaient 7 % des avis rendus, moins de dix par ministère sur la période 2020-2023, quand les compatibilités avec réserves en représentaient 77 % [84] [85]. **Le garde-fou ne refuse pas : il conditionne.** C’est ce qui rend Photonis exceptionnel et ce qui laisse la condition structurelle intacte.
186:Ce différentiel tient à trois conditions : un outil institutionnel dédié, une volonté politique explicite et un coût de résistance jugé acceptable. Les trois valent pour les garde-fous externes, qu’il s’agisse de bloquer un rachat, de tenir face à un blocus ou de détecter une opération. Le contrôle déontologique, lui, est interne à l’État. Il a tenu sans volonté politique, et c’est pourquoi il ne saisit que ce qui se déclare. Que chaque décision prise isolément soit rationnelle ne dit rien du choix collectif que personne n’a eu à faire.
[0m
[0m$ [0mgrep -ni "fermeture" /home/giak/projects/truth-engine/articles/AUDIT_ARTICLE_POUVOIR_V4_4_FULL_FORENSIC/01_TARGET/ARTICLE_MASTERWORK_SOUVERAINETE_2026.md
202:Confondre cette dynamique avec un « complot » serait aussi erroné que de la nier sous prétexte qu’aucune preuve formelle n’existe. De la même manière, documenter quatre verrous n’équivaut pas à établir qu’ils n’en forment qu’un : la convergence est la lecture que propose cet article, et leur chaînage reste ouvert. Deux observations feraient évoluer cette lecture, dans un sens ou dans l’autre. Une pièce attestant un chaînage organique entre deux verrous, une même décision ou un même commanditaire produisant deux fermetures documentées, fermerait la thèse forte ; à l’inverse, la démonstration que des dépendances comparables n’ont produit aucun effet sur les décisions concernées la retirerait.
204:Ce test a été appliqué aux pièces réunies ici, et il n’a qu’un candidat. Un conseiller Énergie présent au cabinet du ministre de l’Économie pendant l’instruction de l’autorisation IEF du dossier Alstom est devenu, cinq ans plus tard, directeur général de la filiale française de l’acquéreur. Il ne satisfait pas le critère, et l’écart est instructif. Une seule fermeture est documentée, la cession ; la seconde observation est une trajectoire individuelle ; aucune pièce ne montre la même décision produisant les deux. Le chaînage reste donc hors d’atteinte, mais il a été cherché. Tant qu’il manque, la thèse demeure une lecture.
[0m
[0m$ [0mgrep -ni "fermer" /home/giak/projects/truth-engine/articles/AUDIT_ARTICLE_POUVOIR_V4_4_FULL_FORENSIC/01_TARGET/ARTICLE_MASTERWORK_SOUVERAINETE_2026.md
152:Aucune pièce ne relie les leviers entre eux ; c’est ce chaînage qu’il faudrait produire pour fermer la thèse. Ce qui suit inventorie ces instruments un par un, chacun avec la pièce qui le porte. La force documentaire est très inégale selon les lignes, du niveau BNP Paribas ou Alstom à des pièces qui ne portent qu’une continuité textuelle sans démonstration de capture ; les bornes de chaque ligne disent jusqu’où va sa pièce. L’inventaire ne démontre pas un système :
202:Confondre cette dynamique avec un « complot » serait aussi erroné que de la nier sous prétexte qu’aucune preuve formelle n’existe. De la même manière, documenter quatre verrous n’équivaut pas à établir qu’ils n’en forment qu’un : la convergence est la lecture que propose cet article, et leur chaînage reste ouvert. Deux observations feraient évoluer cette lecture, dans un sens ou dans l’autre. Une pièce attestant un chaînage organique entre deux verrous, une même décision ou un même commanditaire produisant deux fermetures documentées, fermerait la thèse forte ; à l’inverse, la démonstration que des dépendances comparables n’ont produit aucun effet sur les décisions concernées la retirerait.
[0m
Now "levé". Search.
[0m$ [0mgrep -ni "levé" /home/giak/projects/truth-engine/articles/AUDIT_ARTICLE_POUVOIR_V4_4_FULL_FORENSIC/01_TARGET/ARTICLE_MASTERWORK_SOUVERAINETE_2026.md
150:Trois objections bornent cet inventaire, et aucune n’est levée. La première est le biais de survivance, qui sélectionne les cas ayant laissé une trace, contentieux, sanction ou publication ; une dépendance qui n’a jamais produit de différend n’y figure pas, et une résistance réussie sans trace non plus. La deuxième est l’hétérogénéité de la variable finale : d’un dossier à l’autre, ce qu’il faudrait expliquer est une cession, une modification de texte, une nomination, une sélection ou un verdict, et chaque ligne de l’inventaire nomme donc sa propre issue. La troisième porte sur les catégories elles-mêmes, sous un même mot cohabitant des mécanismes de nature différente, un canal de paiement, une procédure pénale, une norme technique et une trajectoire de carrière.
180:L’analyse fait apparaître un motif récurrent. **Chaque verrou a son garde-fou documenté ; aucun ne couvre son verrou.** Chacun a fermé un dossier ; aucun n’a modifié la condition structurelle. Sur les verrous d’exécution et de coercition, le veto IEF a empêché en 2020 le groupe américain Teledyne de racheter Photonis, fabricant d’optronique militaire stratégique [24], et la Lituanie a tenu face à la coercition économique chinoise [16] [17]. Côté informationnel, VIGINUM a détecté et contribué à neutraliser l’opération Doppelgänger [77], et la coalition IETF/ISOC a bloqué le standard New IP chinois [28]. Sur le volet normatif, la sortie collective du TCE [50] montre un blocage par retrait du traité, non un verrou levé de l’intérieur.
188:**La grille de lecture.** Quatre questions suffisent à tester un cas nouveau. Un canal essentiel, paiement, cloud ou standard, échappe-t-il à la juridiction nationale ? Une procédure pénale ou d’arbitrage peut-elle viser l’actif ou le dirigeant ? Une instance de norme ou de certification peut-elle être capturée en amont ? Une trajectoire post-fonction est-elle en jeu, sans pacte prouvable ? Trois issues sont documentées : le verrou est levé lorsqu’un outil dédié, une volonté politique et un coût jugé acceptable coexistent ; il est subi lorsque aucun des trois n’est réuni ; il reste non clos lorsque la pièce manque. Ces questions ne prédisent rien, et c’est leur intérêt. Elles forcent à écrire ce qui est établi, par qui, et à quel prix.
223:- **[3]** Secrétariat général de la défense et de la sécurité nationale (SGDSN) : *Rapport d’activité VIGINUM 2024*, publié le 30 décembre 2025 : https://www.sgdsn.gouv.fr/files/files/Publications/VIGINUM_rapport_activit%C3%A9_24_vd.pdf Chiffres relevés dans le rapport le 14 septembre 2026 : 259 phénomènes inauthentiques détectés en 2024, dont 174 liés à une ingérence numérique étrangère ; 25 manœuvres informationnelles visant les scrutins français, quatorze pour les européennes et onze pour les législatives ; 43 manœuvres visant les Jeux de Paris ; signalements techniques transmis à sept plateformes (X, Google, YouTube, Facebook, Instagram, TikTok, Bluesky).
[0m
Now "subi". Search.
[0m$ [0mgrep -ni "subi" /home/giak/projects/truth-engine/articles/AUDIT_ARTICLE_POUVOIR_V4_4_FULL_FORENSIC/01_TARGET/ARTICLE_MASTERWORK_SOUVERAINETE_2026.md
188:**La grille de lecture.** Quatre questions suffisent à tester un cas nouveau. Un canal essentiel, paiement, cloud ou standard, échappe-t-il à la juridiction nationale ? Une procédure pénale ou d’arbitrage peut-elle viser l’actif ou le dirigeant ? Une instance de norme ou de certification peut-elle être capturée en amont ? Une trajectoire post-fonction est-elle en jeu, sans pacte prouvable ? Trois issues sont documentées : le verrou est levé lorsqu’un outil dédié, une volonté politique et un coût jugé acceptable coexistent ; il est subi lorsque aucun des trois n’est réuni ; il reste non clos lorsque la pièce manque. Ces questions ne prédisent rien, et c’est leur intérêt. Elles forcent à écrire ce qui est établi, par qui, et à quel prix.
[0m
Now "non clos". Search.
[0m$ [0mgrep -ni "non clos" /home/giak/projects/truth-engine/articles/AUDIT_ARTICLE_POUVOIR_V4_4_FULL_FORENSIC/01_TARGET/ARTICLE_MASTERWORK_SOUVERAINETE_2026.md
188:**La grille de lecture.** Quatre questions suffisent à tester un cas nouveau. Un canal essentiel, paiement, cloud ou standard, échappe-t-il à la juridiction nationale ? Une procédure pénale ou d’arbitrage peut-elle viser l’actif ou le dirigeant ? Une instance de norme ou de certification peut-elle être capturée en amont ? Une trajectoire post-fonction est-elle en jeu, sans pacte prouvable ? Trois issues sont documentées : le verrou est levé lorsqu’un outil dédié, une volonté politique et un coût jugé acceptable coexistent ; il est subi lorsque aucun des trois n’est réuni ; il reste non clos lorsque la pièce manque. Ces questions ne prédisent rien, et c’est leur intérêt. Elles forcent à écrire ce qui est établi, par qui, et à quel prix.
[0m
Now "garde-fou" we already have many lines.

We need to assess coherence of lexical field: The concepts: verrou (lock), fermeture (closure), fermer (to close), levé (lifted), subi (subjected?), non clos (not closed), garde-fou (safeguard). The article uses "verrou levé" (line 180: "non un verrou levé de l'intérieur") meaning a lock lifted (i.e., opened). "verrou subi" not present. "verrou fermé" maybe implied. The phrase "aucun ne couvre son verrou" line 3: each verrou has a garde-fou but none covers its verrou. This is coherent: a safeguard that does not cover the lock itself. The article also says "le garde-fou ne refuse pas : il conditionne" line 184: safeguard does not refuse but conditions. This seems coherent.

Potential incoherence: "verrou levé" meaning lock lifted (opened) vs "verrou soumis"? Not present.

Now epistemic bounds: "la pièce porte le risque, pas la mécanique". Search for that phrase.
[0m$ [0mgrep -n "pièce porte le risque" /home/giak/projects/truth-engine/articles/AUDIT_ARTICLE_POUVOIR_V4_4_FULL_FORENSIC/01_TARGET/ARTICLE_MASTERWORK_SOUVERAINETE_2026.md
140:Ces exigences probatoires se heurtent à la nature diffuse des mobilités institutionnelles. Le rapport d’activité 2024 de la HATVP documente l’accoutumance d’un conseiller ministériel aux arguments d’un acteur industriel, entretenue par la perspective d’une carrière post-gouvernementale [40]. La lecture qui en fait une mécanique d’orientation des arbitrages sans pacte formel est celle de cet article. La pièce porte le risque de conflit d’intérêts, pas la mécanique. Le résultat est un angle mort juridique : le droit pénal français est outillé pour sanctionner l’échange explicite de faveurs, mais structurellement désarmé face à la capture cognitive progressive des décideurs publics.
[0m
We need to evaluate if the bound is placed before or after the assertion it limits. The sentence: "La pièce porte le risque de conflit d’intérêts, pas la mécanique." This appears after discussing the HATVP report and before concluding about angle mort. It seems to limit the claim about what the piece shows (risk) vs what it doesn't show (mechanism). It's placed right after the claim about piece bearing risk, before stating result. It's appropriately placed.

Now collective "on": "on accepte", "on confie", "personne n'a entrepris". Let's locate.

Search "on accepte".
[0m$ [0mgrep -n "on accepte" /home/giak/projects/truth-engine/articles/AUDIT_ARTICLE_POUVOIR_V4_4_FULL_FORENSIC/01_TARGET/ARTICLE_MASTERWORK_SOUVERAINETE_2026.md
(no output)
[0m
Maybe "on accepte" appears with accent? Let's search "on accepte" (with space). Could be "on accepte" as in "on accepte le clearing". Search for "on accepte le clearing" maybe.

Search "on accepte".
[0m$ [0mgrep -n "on accepte" /home/giak/projects/truth-engine/articles/AUDIT_ARTICLE_POUVOIR_V4_4_FULL_FORENSIC/01_TARGET/ARTICLE_MASTERWORK_SOUVERAINETE_2026.md
(no output)
[0m
Maybe it's "on accepte" without accent? Actually French "accepte" no accent. Let's search "on accepte" but maybe it's "on accepte" with a space after? Already did. Could be "on accepte" appears as "on accepte" but maybe there is a line break? Let's search for "accepte" alone.
[0m$ [0mgrep -n "accepte" /home/giak/projects/truth-engine/articles/AUDIT_ARTICLE_POUVOIR_V4_4_FULL_FORENSIC/01_TARGET/ARTICLE_MASTERWORK_SOUVERAINETE_2026.md
28:L’affaire BNP Paribas constitue la démonstration la plus nette du pouvoir de contrôle par l’infrastructure financière. Le 30 juin 2014, le groupe bancaire français accepte de plaider coupable devant les autorités fédérales et de l’État de New York pour avoir violé des embargos américains au Soudan, en Iran et à Cuba, comme l’établit le communiqué du département de la Justice [10]. Le bilan financier est sans équivalent :
208:- On accepte le clearing en dollars par besoin d’accéder aux marchés financiers, puis on s’étonne d’appliquer les embargos américains.
[0m
We have "on accepte" line 208: "On accepte le clearing en dollars par besoin d’accéder aux marchés financiers, puis on s’étonne d’appliquer les embargos américains."

Also line 208 includes "on s’étonne". Also there is "on confie" maybe.

Search "on confie".
[0m$ [0mgrep -n "on confie" /home/giak/projects/truth-engine/articles/AUDIT_ARTICLE_POUVOIR_V4_4_FULL_FORENSIC/01_TARGET/ARTICLE_MASTERWORK_SOUVERAINETE_2026.md
(no output)
[0m
Maybe "on confie" appears as "on confie" but with accent? Actually "confie" no accent. Let's search "confie".
[0m$ [0mgrep -n "confie" /home/giak/projects/truth-engine/articles/AUDIT_ARTICLE_POUVOIR_V4_4_FULL_FORENSIC/01_TARGET/ARTICLE_MASTERWORK_SOUVERAINETE_2026.md
112:Parallèlement, l’attribution du label de vérité s’est bureaucratisée. L’article 22 du Règlement sur les services numériques (DSA) a créé le statut de « signaleur de confiance » (*trusted flagger*) [34]. Ce statut confie à des entités privées, financées par des subventions européennes ou des contrats de plateformes, le pouvoir d’indiquer aux algorithmes quels contenus doivent être restreints ou déréférencés [35]. Une étude publiée en 2025 dans le *Journal of the European Economic Association* démontre que la sélection des affirmations vérifiées par les fact-checkers reflète l’orientation du média qui les porte, ce qui génère un biais structurel d’agenda [31]. Le pouvoir des signaleurs, lui, reste une délégation procédurale dont les effets ne sont pas mesurés.
210:- On confie ses données de santé et ses communications aux hyperscalers américains, puis on rédige des discours sur l’autonomie stratégique.
[0m
We have "on confie" line 210: "On confie ses données de santé et ses communications aux hyperscalers américains, puis on rédige des discours sur l’autonomie stratégique."

Now "personne n'a entrepris". Search.
[0m$ [0mgrep -n "personne n'a entrepris" /home/giak/projects/truth-engine/articles/AUDIT_ARTICLE_POUVOIR_V4_4_FULL_FORENSIC/01_TARGET/ARTICLE_MASTERWORK_SOUVERAINETE_2026.md
(no output)
[0m
Maybe "personne n’a entrepris" with different apostrophe? Let's search "personne n a entrepris".
[0m$ [0mgrep -n "personne n a entrepris" /home/giak/projects/truth-engine/articles/AUDIT_ARTICLE_POUVOIR_V4_4_FULL_FORENSIC/01_TARGET/ARTICLE_MASTERWORK_SOUVERAINETE_2026.md
(no output)
[0m
[0m$ [0mgrep -n "entrepris" /home/giak/projects/truth-engine/articles/AUDIT_ARTICLE_POUVOIR_V4_4_FULL_FORENSIC/01_TARGET/ARTICLE_MASTERWORK_SOUVERAINETE_2026.md
25:Le premier verrou porte sur les moyens d’exécution. La souveraineté effective se mesure à l’indépendance de ces moyens. Lorsqu’un État ou une entreprise ne peut réaliser une transaction majeure sans passer par le péage technique, juridique ou monétaire d’une puissance tierce, sa liberté de décision devient une fiction juridique. Le péage n’épuise pas le verrou : un appareil étranger qui agit sur le territoire en dehors des canaux officiels produit le même effet sans qu’aucun péage ne soit à percevoir. Dépendre d’un canal contrôlé hors de la juridiction nationale ou cohabiter avec un appareil qui n’en relève pas n’engage pas le même mécanisme. Ce qui les range dans un même verrou, c’est l’étage neutralisé, celui de l’exécution, sans qu’aucun ordre formel soit donné ; ce sont les deux formes d’un même verrou.
43:Même lorsque l’Union a tenté d’intervenir en activant son règlement de blocage (n° 2271/96), la Cour de justice de l’Union européenne a confirmé l’interdiction de se conformer aux sanctions extraterritoriales américaines, même sans ordre étranger. Saisie de la résiliation par Telekom Deutschland d’un contrat avec la banque iranienne Bank Melli, elle laisse au juge national le soin de mesurer si l’annulation d’une résiliation n’exposerait pas l’entreprise à des pertes disproportionnées [12] [13]. Le dilemme demeure entier : se conformer expose à une violation du droit européen, refuser expose aux pénalités américaines.
79:1. **L’étau pénal** : En 2010, le département de la Justice ouvre une enquête pénale pour corruption contre Alstom au titre du FCPA. En avril 2013, l’arrestation brutale du dirigeant Frédéric Pierucci à New York signale au PDG Patrick Kron que les dirigeants risquent la prison ferme et l’entreprise une amende d’au moins un milliard de dollars.
122:La Haute Autorité pour la transparence de la vie publique (HATVP) a rendu le même jour deux avis sur les projets d’un même ministre délégué aux Transports. Le départ vers un groupe maritime dont les activités recoupaient ses attributions, après au moins huit rencontres avec ses dirigeants, y est jugé incompatible avec ses fonctions. La création de l’entreprise Hopium y est jugée compatible avec réserves [37] [38].
134:Le droit positif français dispose de plusieurs outils répressifs en matière de probité publique ; les trois articles qui suivent montrent ce que le pénal exige, et donc ce qu’il ne saisit pas. L’article 432-11 du Code pénal incrimine la corruption passive et le trafic d’influence commis par une personne dépositaire de l’autorité publique, chargée d’une mission de service public ou investie d’un mandat électif public [78]. La jurisprudence y ajoute une exigence que le texte ne porte pas : caractériser un pacte de corruption antérieur à l’acte accompli, l’accord sur la contrepartie étant l’élément central de la preuve. L’article 432-13 sanctionne la prise illégale d’intérêts d’un ancien agent public. Le délit est constitué lorsque, dans les trois ans suivant la cessation de ses fonctions, celui-ci prend une participation par travail, conseil ou capitaux dans une entreprise privée qu’il a surveillée ou contrôlée, avec laquelle il a conclu des contrats ou sur les opérations de laquelle il a formulé un avis. C’est le délit dit de « pantouflage » [79]. L’article 433-2 vise quiconque sollicite ou agrée des avantages pour abuser de son influence, réelle ou supposée, en vue de faire obtenir d’une autorité publique une décision favorable [41].
138:L’action pénale au titre de l’article 432-13 exige la preuve que l’ancien agent a effectivement surveillé ou contrôlé l’entreprise concernée, conclu des contrats avec elle ou avisé ses opérations. Ces critères s’apprécient dans le cadre des fonctions qu’il a effectivement exercées. Le délai de trois ans court depuis la cessation de ces fonctions ; il borne la reprise d’une activité privée ; il n’exige pas que la surveillance ait eu lieu dans les trois années précédant le départ [79]. Au titre de l’article 432-11, elle exige la démonstration d’un **pacte préexistant** liant une décision publique à une contrepartie identifiable.
213:Ces verrous tiennent parce que personne n’a entrepris de les abroger. Tant que l’État ne reconstruira pas ses propres circuits de paiement, ses propres infrastructures numériques, ses propres instruments de justice industrielle et une éthique publique blindée, les discours sur la puissance ne seront que les ornements d’une capitulation en toute légalité. **Le droit de décider n’a jamais été retiré ; c’est la capacité qui s’est contractée.**
258:- **[38]** HATVP : Délibération n° 2022-104 du 17 mai 2022 relative au projet de création d’entreprise par Jean-Baptiste Djebbari (Hopium). https://www.hatvp.fr/wordpress/wp-content/uploads/2022/05/2022-104-Jean-Baptiste-Djebbari.pdf
278:- **[58]** General Electric France : Nomination de Hugh Bailey au poste de directeur général, communiqué de presse, 11 avril 2019 (reprise AFP). Entrée sans URL : le communiqué d’entreprise n’est pas archivé ; la nomination repose sur une concordance entre organes, avec le recoupement [59].
295:- **[75]** BNP Paribas : communiqué de presse « BNP Paribas annonce un accord global avec les autorités des États-Unis relatif à la revue de certaines transactions en dollars », 30 juin 2014 (8,97 milliards de dollars, soit 6,6 milliards d’euros) : https://group.bnpparibas/communique-de-presse/bnp-paribas-annonce-accord-global-autorites-etats-unis-relatif-revue-certaines-transactions-dollars · *L’Express*, « L’amende de BNP Paribas aux Etats-Unis » (la plus forte amende alors payée par une banque étrangère aux États-Unis) : https://www.lexpress.fr/economie/entreprises/l-amende-de-bnp-paribas-aux-etats-unis_1548596.html
299:- **[79]** Code pénal : article 432-13, prise illégale d’intérêts : participation par travail, conseil ou capitaux, dans les trois ans suivant la cessation des fonctions, dans une entreprise privée surveillée ou contrôlée, ou avec laquelle des contrats ont été conclus ou des avis formulés dans le cadre des fonctions effectivement exercées ; trois ans d’emprisonnement et 200 000 €, version en vigueur depuis le 22 janvier 2017 (loi n° 2017-55). https://www.legifrance.gouv.fr/codes/article_lc/LEGIARTI000033912762/
[0m
Maybe it's "personne n’a entrepris" appears in the role description but not in article. Let's search "entrepris".
[0m$ [0mmkdir -p /home/giak/projects/truth-engine/articles/AUDIT_ARTICLE_POUVOIR_V4_4_FULL_FORENSIC/01_TARGET/REVIEWS_ROLES_2026-09-15
(no output)
[0m
[0m← [0mWrite articles/AUDIT_ARTICLE_POUVOIR_V4_4_FULL_FORENSIC/01_TARGET/REVIEWS_ROLES_2026-09-15/R6_PHILOSOPHE_LANGAGE.md
Wrote file successfully.
[0m
articles/AUDIT_ARTICLE_POUVOIR_V4_4_FULL_FORENSIC/01_TARGET/REVIEWS_ROLES_2026-09-15/R6_PHILOSOPHE_LANGAGE.md
Défauts : 2 MAJEUR, 6 MINEUR, 0 BLOQUANT
Verdict : L'article souffre d'imprécisions sémantiques (causalités excessives, consentement flou, sujets collectifs vagues) qui affaiblissent sa rigueur malgré une solide base documentaire.
