[0m
> build · nvidia/nemotron-3.5-lightning-30b-a3b
[0m
[0m✗ [0mRead 00_CONTEXTE_COMMUN.md failed
[91m[1mError: [0mFile not found: /home/giak/projects/truth-engine/00_CONTEXTE_COMMUN.md
[0m✱ [0mGlob "**/00_CONTEXTE_COMMUN.md"[90m in . · 1 match[0m
[0m→ [0mRead articles/AUDIT_ARTICLE_POUVOIR_V4_4_FULL_FORENSIC/01_TARGET/REVIEWS_ROLES_2026-09-15/00_CONTEXTE_COMMUN.md
[0m✱ [0mGlob "**/ARTICLE_MASTERWORK_SOUVERAINETE_2026.md"[90m in . · 1 match[0m
Now let me read the article master file to analyze its content.
[0m→ [0mRead articles/AUDIT_ARTICLE_POUVOIR_V4_4_FULL_FORENSIC/01_TARGET/ARTICLE_MASTERWORK_SOUVERAINETE_2026.md
[0m→ [0mRead articles/AUDIT_ARTICLE_POUVOIR_V4_4_FULL_FORENSIC/01_TARGET/ARTICLE_MASTERWORK_SOUVERAINETE_2026.md[90m [offset=249][0m
Let me read the rest of the article.
**RAPPORT R7 – Risque d’instrumentalisation de l'article**  
Chemin : `articles/AUDIT_ARTICLE_POUVOIR_V4_4_FULL_FORENSIC/01_TARGET/REVIEWS_ROLES_2026-09-15/R7_RISQUE_INSTRUMENTALISATION.md`

| ID (ligne) | Sévérité | Ligne | Extrait verbatim | Comment il est retournable | Reformulation proposée |
|------------|----------|------|------------------|----------------------------|------------------------|
| 3 | MAJEUR | 3 | « Puissance nucléaire, siège permanent au Conseil de sécurité. 70 % du cloud européen d’infrastructure détenu par trois acteurs américains. Des fleurons industriels cédés sous amende. Une enquête sur quatre verrous, dans l’exécution, l’industrie, la norme et les élites, qui enserrent la souveraineté française sans tirer un coup de feu. Chaque verrou a son garde‑fou ; aucun ne couvre son verrou, et leur articulation commune n'est pas démontrée, mais seulement proposée comme lecture. » | Cité comme « la France qui vend ses fleurons » et laisse entendre une capitulation volontariste. | Ajouter après « sans tirer un coup de feu »: « mais sous l’empirement d’un système de dépendances structurelles, pas d’un plan ourdi. » |
| 13 | BLOQUANT | 13 | « Face à ce grand écart, le débat public oscille entre deux pièges : la dénonciation simpliste d’un complot permanent orchestré par un ordre clandestin, ou la résignation technocratique présentant chaque capitulation comme une adaptation inévitable au marché mondial. » | Le terme « complot permanent orchestré par un ordre clandestin » peut être extrait comme « preuves d’un complot ». | Intégrer la borne dès la première clause : « Or l’on opposera à tort soit un complot soit une résignation ; ce texte refuse les deux. » |
| 27 | MAJEUR | 27‑28 | Titre : « La guillotine du dollar et le péage du clearing ». Sous‑titre : « L’affaire BNP Paribas constitue la démonstration la plus nette du pouvoir de contrôle par l’infrastructure financière. » | « Guillotine du dollar » utilisé pour suggérer « France étranglée par les USA ». | Remplacer « guillotine » par « péage monétaire » et souligner qu’il s’agit d’un choix juridique, pas d’une sentence. |
| 34 | MINEUR | 34 | « BNP Paribas n’a pas été convaincue par la légitimité des sanctions américaines ; elle a cédé pour conserver son artère vitale [10] [75]. » | « artère vitale » peut être sorti pour faire dire que « le dollar est vital pour la France ». | Remplacer « artère vitale » par « ressource critique pour les activités en dollars ». |
| 54‑55 | BLOQUANT | 54‑55 | « Le réseau Alp Services (Émirats arabes unis) … cabinet privé de renseignement basé à Genève a été mandaté par des entités liées au renseignement émirati… » / « L’opérateur privé Blackcore / Rokh Solis : L’investigation consacrée à l’influence israélienne en France… » | Les formules « renseignement émirati » et « influence israélienne » sont des cibles privilégiées des récits communautaires ou antisémites, alors que le texte précise « commanditaire non identifié ». | Supprimer les adjoints « émirati » et « israélienne »; mentionner seulement « entités liées aux services de renseignement » et « opérateur privé ». |
| 79 | MINEUR | 79 | « En avril 2013, l’arrestation brutale du dirigeant Frédéric Pierucci à New York signale au PDG Patrick Kron que les dirigeants risquent la prison ferme et l’entreprise une amende d’au moins un milliard de dollars. » | L’attribution de la décision à Pierucci/Kron peut être lue comme « coupables d’avoir cédé sous pression américaine ». | Ajouter « sans qu’aucune décision interne n’ait ordonné la cession » après la phrase. |
| 127 | MINEUR | 127 | « Hugh Bailey, conseiller Énergie au cabinet du ministre de l’Économie (2014‑2016), puis directeur général de General Electric France dès 2019. Chronologie documentée : présent au cabinet lors de l’instruction de l’autorisation IEF d’Alstom (2014), nommé ensuite à la direction de la filiale française de l’acquéreur (2019) [58] [59]. Aucune procédure pénale n’a été engagée à ce jour. » | Nommer Bailey peut faire croire qu’il a été le « l’architecte » de la vente Alstom. | Préciser « sa nomination intervient cinq ans après les faits, sans lien pénal établi ». |
| 129 | MAJEUR | 129 | « Adam Farkas, directeur exécutif de l’Autorité bancaire européenne (EBA), passé à la tête d’AFME, principal lobby bancaire européen. Recommandation du Médiateur européen 2168/2019/KR concluant à une mauvaise administration [36]. » | La mention « mauvaise administration » peut être détournée pour accuser Farkas de manquements. | Reformuler en « l’issue faisait l’objet d’une recommandation de médiateur, pas d’une condamnation pénale ». |
| 130 | MAJEUR | 130 | « Neelie Kroes, vice‑présidente de la Commission européenne chargée du Numérique, devenue lobbyiste non déclarée d’Uber Technologies. Rapport final d’enquête OLAF OC/2022/0514/A1 documentant les violations des règles éthiques [39]. » | Peut servir à affirmer « Kroes a favorisé Uber ». | Ajouter « selon l’avis d’OLAF sur des manquements éthiques, pas sur un jugement de résultat ». |
| 140 | MINEUR | 140 | « c’est un angle mort juridique : le droit pénal français est outillé pour sanctionner l’échange explicite de faveurs, mais structurellement désarmé face à la capture cognitive progressive des décideurs publics. » | « angle mort juridique » peut être sorti pour soutenir « il y a un trou noir protégeant les élites ». | Remplacer « angle mort » par « vide procédural connu ». |
| 198 | MINEUR | 198 | « La souveraineté française et européenne ne s’éteint pas par la coercition directe ; elle s’asphyxie par des dépendances consenties. » | Le verbe « s’asphyxie » peut être extrait comme « la France étouffe sous un complot ». | Ancrer la borne : « La dynamique observée n’équivaut pas à une asphyxie orchestrée, mais à un enchainement de décisions rationnelles sous contrainte ». |
| 202 | MAJEUR | 202 | « Documenter quatre verrous n’équivaut pas à établir qu’ils n’en forment qu’un : la convergence est la lecture que propose cet article, et leur chaînage reste ouvert. » | Si la dernière clause est supprimée, le lecteur peut penser que l’auteur affirme un chaînage prouvé. | Intégrer la borne au sein de la phrase : « La convergence n’est pas soutenue comme fait, mais comme lecture que propose ce texte ; le chaînage reste ouvert. ». |
| 211 | MINEUR | 211 | « On tolère que des conseillers présents au cabinet lors de l’instruction de cette cession rejoignent ensuite la direction de l’acheteur, puis on s’étonne que la loi n’y trouve rien à redire. » | Peut être utilisé pour accuser les ministres de « collusion cachée ». | Ajouter « sans qu’aucun pacte formel soit établi ». |
| 27‑28 (résumé) | MAJEUR | 27‑28 | « La guillotine du dollar … BNP Paribas a cédé pour conserver son artère vitale. » | Ces deux formules courtes sont les plus citables dans les extraits. | Voir lignes 27 & 34 ; supprimer les métaphores « guillotine / artère vitale ». |
| 52‑53 | MINEUR | 52‑53 | « La dépendance d’infrastructure ne provient pas uniquement de juridictions étatiques déclarées : … Alp Services … Blackcore / Rokh Solis … influence israélienne. » | Section déjà ciblée par l’axe communal ; les intitulés « influence israélienne » sont les plus à risque. | Retitrer : « Influence d’opérateurs privés identifiés par VIGINUM ; attribution laissée au lecteur ». |
| 122 | MINEUR | 122 | « Le départ vers un groupe maritime dont les activités recoupaient ses attributions, après au moins huit rencontres avec ses dirigeants, y est jugé incompatible avec ses fonctions. La création de l’entreprise Hopium y est jugée compatible avec réserves [37] [38]. » | Peut être sorti pour affirmer « HATVP valide les rétorsions ». | Préciser « avis d’incompatibilité rendu sur un cas particulier, pas sur la totalité des mobilités ». |

### Les cinq phrases à sécuriser en priorité  

1. **Ligne 3** – L’ouverture sur « Des fleurons industriels cédés sous amende » : la borne « mais seulement proposée comme lecture » doit rester adjacente.  
2. **Ligne 13** – La mention du « complot permanent orchestré par un ordre clandestin » : elle ne doit jamais être détachée de sa fonction de rebut.  
3. **Lignes 54‑55** – Les intitulés « influence israélienne » et « renseignement émirati » : ils doivent être retirés ou neutralisés pour éviter tout usage communautaire ou antisémite.  
4. **Ligne 129** – L’accusation implicite de « mauvaise administration » à l’égard de Farkas : remplacée par la référence à la recommandation du médiateur.  
5. **Ligne 202** – La clause « la convergence est la lecture que propose cet article » : elle doit être intégrée à la phrase, pas laissée en marge.

### Conclusion  

L'article dispose d'un **protocol anti‑complot explicite** (lignes 13, 202, 214) et de **bornes nombreuses** qui protègent les assertions les plus citables. Cependant, plusieurs formules courtes et métaphores (guillotine, artère vitale, angle mort, asphyxie) ainsi que les intitulés « influence israélienne » et « mauvaise administration » représentent des **points de fuite** potentiels si elles sont extraites hors contexte. La sécurisation des cinq phrases ci‑dessus, accompagnées de reformulations qui ancrent les bornes *au sein* des propositions, réduit de façon significative le risque d'instrumentalisation sans altérer la substance documentaire de l'enquête.  

**Verdict :** l'article est **publishable en l'état à condition d'appliquer les reformulations ci‑dessus** sur les entrées à risque ; les garde‑fous existants fonctionnent mais nécessitent un renforcement rédactionnel ciblé pour éviter que des extraits ne deviennent des munitions rhétoriques entre de mauvaises mains.
